// Jest Snapshot v1, https://goo.gl/fbAQLP

exports[`Garden TailwindCSS Plugin Bedrock reset applies preflight styles when disabled 1`] = `
"*, ::before, ::after {
  --tw-border-spacing-x: 0;
  --tw-border-spacing-y: 0;
  --tw-translate-x: 0;
  --tw-translate-y: 0;
  --tw-rotate: 0;
  --tw-skew-x: 0;
  --tw-skew-y: 0;
  --tw-scale-x: 1;
  --tw-scale-y: 1;
  --tw-pan-x:  ;
  --tw-pan-y:  ;
  --tw-pinch-zoom:  ;
  --tw-scroll-snap-strictness: proximity;
  --tw-gradient-from-position:  ;
  --tw-gradient-via-position:  ;
  --tw-gradient-to-position:  ;
  --tw-ordinal:  ;
  --tw-slashed-zero:  ;
  --tw-numeric-figure:  ;
  --tw-numeric-spacing:  ;
  --tw-numeric-fraction:  ;
  --tw-ring-inset:  ;
  --tw-ring-offset-width: 0px;
  --tw-ring-offset-color: #fff;
  --tw-ring-color: rgb(102 160 205 / 0.5);
  --tw-ring-offset-shadow: 0 0 #0000;
  --tw-ring-shadow: 0 0 #0000;
  --tw-shadow: 0 0 #0000;
  --tw-shadow-colored: 0 0 #0000;
  --tw-blur:  ;
  --tw-brightness:  ;
  --tw-contrast:  ;
  --tw-grayscale:  ;
  --tw-hue-rotate:  ;
  --tw-invert:  ;
  --tw-saturate:  ;
  --tw-sepia:  ;
  --tw-drop-shadow:  ;
  --tw-backdrop-blur:  ;
  --tw-backdrop-brightness:  ;
  --tw-backdrop-contrast:  ;
  --tw-backdrop-grayscale:  ;
  --tw-backdrop-hue-rotate:  ;
  --tw-backdrop-invert:  ;
  --tw-backdrop-opacity:  ;
  --tw-backdrop-saturate:  ;
  --tw-backdrop-sepia:  ;
  --tw-contain-size:  ;
  --tw-contain-layout:  ;
  --tw-contain-paint:  ;
  --tw-contain-style:  ;
}

::backdrop {
  --tw-border-spacing-x: 0;
  --tw-border-spacing-y: 0;
  --tw-translate-x: 0;
  --tw-translate-y: 0;
  --tw-rotate: 0;
  --tw-skew-x: 0;
  --tw-skew-y: 0;
  --tw-scale-x: 1;
  --tw-scale-y: 1;
  --tw-pan-x:  ;
  --tw-pan-y:  ;
  --tw-pinch-zoom:  ;
  --tw-scroll-snap-strictness: proximity;
  --tw-gradient-from-position:  ;
  --tw-gradient-via-position:  ;
  --tw-gradient-to-position:  ;
  --tw-ordinal:  ;
  --tw-slashed-zero:  ;
  --tw-numeric-figure:  ;
  --tw-numeric-spacing:  ;
  --tw-numeric-fraction:  ;
  --tw-ring-inset:  ;
  --tw-ring-offset-width: 0px;
  --tw-ring-offset-color: #fff;
  --tw-ring-color: rgb(102 160 205 / 0.5);
  --tw-ring-offset-shadow: 0 0 #0000;
  --tw-ring-shadow: 0 0 #0000;
  --tw-shadow: 0 0 #0000;
  --tw-shadow-colored: 0 0 #0000;
  --tw-blur:  ;
  --tw-brightness:  ;
  --tw-contrast:  ;
  --tw-grayscale:  ;
  --tw-hue-rotate:  ;
  --tw-invert:  ;
  --tw-saturate:  ;
  --tw-sepia:  ;
  --tw-drop-shadow:  ;
  --tw-backdrop-blur:  ;
  --tw-backdrop-brightness:  ;
  --tw-backdrop-contrast:  ;
  --tw-backdrop-grayscale:  ;
  --tw-backdrop-hue-rotate:  ;
  --tw-backdrop-invert:  ;
  --tw-backdrop-opacity:  ;
  --tw-backdrop-saturate:  ;
  --tw-backdrop-sepia:  ;
  --tw-contain-size:  ;
  --tw-contain-layout:  ;
  --tw-contain-paint:  ;
  --tw-contain-style:  ;
}/*
! tailwindcss v3.4.16 | MIT License | https://tailwindcss.com
*//*
1. Prevent padding and border from affecting element width. (https://github.com/mozdevs/cssremedy/issues/4)
2. Allow adding a border to an element by just adding a border-width. (https://github.com/tailwindcss/tailwindcss/pull/116)
*/

*,
::before,
::after {
  box-sizing: border-box; /* 1 */
  border-width: 0; /* 2 */
  border-style: solid; /* 2 */
  border-color: #d8dcde; /* 2 */
}

::before,
::after {
  --tw-content: '';
}

/*
1. Use a consistent sensible line-height in all browsers.
2. Prevent adjustments of font size after orientation changes in iOS.
3. Use a more readable tab size.
4. Use the user's configured \`sans\` font-family by default.
5. Use the user's configured \`sans\` font-feature-settings by default.
6. Use the user's configured \`sans\` font-variation-settings by default.
7. Disable tap highlights on iOS
*/

html,
:host {
  line-height: 1.5; /* 1 */
  -webkit-text-size-adjust: 100%; /* 2 */
  -moz-tab-size: 4; /* 3 */
  tab-size: 4; /* 3 */
  font-family: system-ui, -apple-system, BlinkMacSystemFont, "Segoe UI", Roboto, Oxygen-Sans, Ubuntu, Cantarell, "Helvetica Neue", Arial, sans-serif; /* 4 */
  font-feature-settings: normal; /* 5 */
  font-variation-settings: normal; /* 6 */
  -webkit-tap-highlight-color: transparent; /* 7 */
}

/*
1. Remove the margin in all browsers.
2. Inherit line-height from \`html\` so users can set them as a class directly on the \`html\` element.
*/

body {
  margin: 0; /* 1 */
  line-height: inherit; /* 2 */
}

/*
1. Add the correct height in Firefox.
2. Correct the inheritance of border color in Firefox. (https://bugzilla.mozilla.org/show_bug.cgi?id=190655)
3. Ensure horizontal rules are visible by default.
*/

hr {
  height: 0; /* 1 */
  color: inherit; /* 2 */
  border-top-width: 1px; /* 3 */
}

/*
Add the correct text decoration in Chrome, Edge, and Safari.
*/

abbr:where([title]) {
  text-decoration: underline dotted;
}

/*
Remove the default font size and weight for headings.
*/

h1,
h2,
h3,
h4,
h5,
h6 {
  font-size: inherit;
  font-weight: inherit;
}

/*
Reset links to optimize for opt-in styling instead of opt-out.
*/

a {
  color: inherit;
  text-decoration: inherit;
}

/*
Add the correct font weight in Edge and Safari.
*/

b,
strong {
  font-weight: bolder;
}

/*
1. Use the user's configured \`mono\` font-family by default.
2. Use the user's configured \`mono\` font-feature-settings by default.
3. Use the user's configured \`mono\` font-variation-settings by default.
4. Correct the odd \`em\` font sizing in all browsers.
*/

code,
kbd,
samp,
pre {
  font-family: SFMono-Regular, Consolas, "Liberation Mono", Menlo, Courier, monospace; /* 1 */
  font-feature-settings: normal; /* 2 */
  font-variation-settings: normal; /* 3 */
  font-size: 1em; /* 4 */
}

/*
Add the correct font size in all browsers.
*/

small {
  font-size: 80%;
}

/*
Prevent \`sub\` and \`sup\` elements from affecting the line height in all browsers.
*/

sub,
sup {
  font-size: 75%;
  line-height: 0;
  position: relative;
  vertical-align: baseline;
}

sub {
  bottom: -0.25em;
}

sup {
  top: -0.5em;
}

/*
1. Remove text indentation from table contents in Chrome and Safari. (https://bugs.chromium.org/p/chromium/issues/detail?id=999088, https://bugs.webkit.org/show_bug.cgi?id=201297)
2. Correct table border color inheritance in all Chrome and Safari. (https://bugs.chromium.org/p/chromium/issues/detail?id=935729, https://bugs.webkit.org/show_bug.cgi?id=195016)
3. Remove gaps between table borders by default.
*/

table {
  text-indent: 0; /* 1 */
  border-color: inherit; /* 2 */
  border-collapse: collapse; /* 3 */
}

/*
1. Change the font styles in all browsers.
2. Remove the margin in Firefox and Safari.
3. Remove default padding in all browsers.
*/

button,
input,
optgroup,
select,
textarea {
  font-family: inherit; /* 1 */
  font-feature-settings: inherit; /* 1 */
  font-variation-settings: inherit; /* 1 */
  font-size: 100%; /* 1 */
  font-weight: inherit; /* 1 */
  line-height: inherit; /* 1 */
  letter-spacing: inherit; /* 1 */
  color: inherit; /* 1 */
  margin: 0; /* 2 */
  padding: 0; /* 3 */
}

/*
Remove the inheritance of text transform in Edge and Firefox.
*/

button,
select {
  text-transform: none;
}

/*
1. Correct the inability to style clickable types in iOS and Safari.
2. Remove default button styles.
*/

button,
input:where([type='button']),
input:where([type='reset']),
input:where([type='submit']) {
  -webkit-appearance: button; /* 1 */
  background-color: transparent; /* 2 */
  background-image: none; /* 2 */
}

/*
Use the modern Firefox focus style for all focusable elements.
*/

:-moz-focusring {
  outline: auto;
}

/*
Remove the additional \`:invalid\` styles in Firefox. (https://github.com/mozilla/gecko-dev/blob/2f9eacd9d3d995c937b4251a5557d95d494c9be1/layout/style/res/forms.css#L728-L737)
*/

:-moz-ui-invalid {
  box-shadow: none;
}

/*
Add the correct vertical alignment in Chrome and Firefox.
*/

progress {
  vertical-align: baseline;
}

/*
Correct the cursor style of increment and decrement buttons in Safari.
*/

::-webkit-inner-spin-button,
::-webkit-outer-spin-button {
  height: auto;
}

/*
1. Correct the odd appearance in Chrome and Safari.
2. Correct the outline style in Safari.
*/

[type='search'] {
  -webkit-appearance: textfield; /* 1 */
  outline-offset: -2px; /* 2 */
}

/*
Remove the inner padding in Chrome and Safari on macOS.
*/

::-webkit-search-decoration {
  -webkit-appearance: none;
}

/*
1. Correct the inability to style clickable types in iOS and Safari.
2. Change font properties to \`inherit\` in Safari.
*/

::-webkit-file-upload-button {
  -webkit-appearance: button; /* 1 */
  font: inherit; /* 2 */
}

/*
Add the correct display in Chrome and Safari.
*/

summary {
  display: list-item;
}

/*
Removes the default spacing and border for appropriate elements.
*/

blockquote,
dl,
dd,
h1,
h2,
h3,
h4,
h5,
h6,
hr,
figure,
p,
pre {
  margin: 0;
}

fieldset {
  margin: 0;
  padding: 0;
}

legend {
  padding: 0;
}

ol,
ul,
menu {
  list-style: none;
  margin: 0;
  padding: 0;
}

/*
Reset default styling for dialogs.
*/
dialog {
  padding: 0;
}

/*
Prevent resizing textareas horizontally by default.
*/

textarea {
  resize: vertical;
}

/*
1. Reset the default placeholder opacity in Firefox. (https://github.com/tailwindlabs/tailwindcss/issues/3300)
2. Set the default placeholder color to the user's configured gray 400 color.
*/

input::placeholder,
textarea::placeholder {
  opacity: 1; /* 1 */
  color: #9ca3af; /* 2 */
}

/*
Set the default cursor for buttons.
*/

button,
[role="button"] {
  cursor: pointer;
}

/*
Make sure disabled buttons don't get the pointer cursor.
*/
:disabled {
  cursor: default;
}

/*
1. Make replaced elements \`display: block\` by default. (https://github.com/mozdevs/cssremedy/issues/14)
2. Add \`vertical-align: middle\` to align replaced elements more sensibly by default. (https://github.com/jensimmons/cssremedy/issues/14#issuecomment-634934210)
   This can trigger a poorly considered lint error in some tools but is included by design.
*/

img,
svg,
video,
canvas,
audio,
iframe,
embed,
object {
  display: block; /* 1 */
  vertical-align: middle; /* 2 */
}

/*
Constrain images and videos to the parent width and preserve their intrinsic aspect ratio. (https://github.com/mozdevs/cssremedy/issues/14)
*/

img,
video {
  max-width: 100%;
  height: auto;
}

/* Make elements with the HTML hidden attribute stay hidden by default */
[hidden]:where(:not([hidden="until-found"])) {
  display: none;
}"
`;

exports[`Garden TailwindCSS Plugin Bedrock reset is applied by default 1`] = `
"*, ::before, ::after{
--tw-border-spacing-x:0;
--tw-border-spacing-y:0;
--tw-translate-x:0;
--tw-translate-y:0;
--tw-rotate:0;
--tw-skew-x:0;
--tw-skew-y:0;
--tw-scale-x:1;
--tw-scale-y:1;
--tw-pan-x: ;
--tw-pan-y: ;
--tw-pinch-zoom: ;
--tw-scroll-snap-strictness:proximity;
--tw-gradient-from-position: ;
--tw-gradient-via-position: ;
--tw-gradient-to-position: ;
--tw-ordinal: ;
--tw-slashed-zero: ;
--tw-numeric-figure: ;
--tw-numeric-spacing: ;
--tw-numeric-fraction: ;
--tw-ring-inset: ;
--tw-ring-offset-width:0px;
--tw-ring-offset-color:#fff;
--tw-ring-color:rgb(102 160 205 / 0.5);
--tw-ring-offset-shadow:0 0 #0000;
--tw-ring-shadow:0 0 #0000;
--tw-shadow:0 0 #0000;
--tw-shadow-colored:0 0 #0000;
--tw-blur: ;
--tw-brightness: ;
--tw-contrast: ;
--tw-grayscale: ;
--tw-hue-rotate: ;
--tw-invert: ;
--tw-saturate: ;
--tw-sepia: ;
--tw-drop-shadow: ;
--tw-backdrop-blur: ;
--tw-backdrop-brightness: ;
--tw-backdrop-contrast: ;
--tw-backdrop-grayscale: ;
--tw-backdrop-hue-rotate: ;
--tw-backdrop-invert: ;
--tw-backdrop-opacity: ;
--tw-backdrop-saturate: ;
--tw-backdrop-sepia: ;
--tw-contain-size: ;
--tw-contain-layout: ;
--tw-contain-paint: ;
--tw-contain-style: ;
}

::backdrop{
--tw-border-spacing-x:0;
--tw-border-spacing-y:0;
--tw-translate-x:0;
--tw-translate-y:0;
--tw-rotate:0;
--tw-skew-x:0;
--tw-skew-y:0;
--tw-scale-x:1;
--tw-scale-y:1;
--tw-pan-x: ;
--tw-pan-y: ;
--tw-pinch-zoom: ;
--tw-scroll-snap-strictness:proximity;
--tw-gradient-from-position: ;
--tw-gradient-via-position: ;
--tw-gradient-to-position: ;
--tw-ordinal: ;
--tw-slashed-zero: ;
--tw-numeric-figure: ;
--tw-numeric-spacing: ;
--tw-numeric-fraction: ;
--tw-ring-inset: ;
--tw-ring-offset-width:0px;
--tw-ring-offset-color:#fff;
--tw-ring-color:rgb(102 160 205 / 0.5);
--tw-ring-offset-shadow:0 0 #0000;
--tw-ring-shadow:0 0 #0000;
--tw-shadow:0 0 #0000;
--tw-shadow-colored:0 0 #0000;
--tw-blur: ;
--tw-brightness: ;
--tw-contrast: ;
--tw-grayscale: ;
--tw-hue-rotate: ;
--tw-invert: ;
--tw-saturate: ;
--tw-sepia: ;
--tw-drop-shadow: ;
--tw-backdrop-blur: ;
--tw-backdrop-brightness: ;
--tw-backdrop-contrast: ;
--tw-backdrop-grayscale: ;
--tw-backdrop-hue-rotate: ;
--tw-backdrop-invert: ;
--tw-backdrop-opacity: ;
--tw-backdrop-saturate: ;
--tw-backdrop-sepia: ;
--tw-contain-size: ;
--tw-contain-layout: ;
--tw-contain-paint: ;
--tw-contain-style: ;
}

/*!
 * Copyright Zendesk, Inc.
 *
 * Use of this source code is governed under the Apache License, Version 2.0
 * found at http://www.apache.org/licenses/LICENSE-2.0.
 */

*,:after,:before{
	box-sizing:border-box;
}

html{
	font-family:system-ui,Segoe UI,Roboto,Helvetica,Arial,sans-serif,Apple Color Emoji,Segoe UI Emoji;
	line-height:1.15;
	-webkit-text-size-adjust:100%;
	-moz-tab-size:4;
	  -o-tab-size:4;
	     tab-size:4;
}

body{
	margin:0;
}

b,strong{
	font-weight:bolder;
}

code,kbd,pre,samp{
	font-family:ui-monospace,SFMono-Regular,Consolas,Liberation Mono,Menlo,monospace;
	font-size:1em;
}

small{
	font-size:80%;
}

sub,sup{
	font-size:75%;
	line-height:0;
	position:relative;
	vertical-align:baseline;
}

sub{
	bottom:-.25em;
}

sup{
	top:-.5em;
}

table{
	border-color:currentcolor;
}

button,input,optgroup,select,textarea{
	font-family:inherit;
	font-size:100%;
	line-height:1.15;
	margin:0;
}

[type=button],[type=reset],[type=submit],button{
	-webkit-appearance:button;
}

legend{
	padding:0;
}

progress{
	vertical-align:baseline;
}

::-webkit-inner-spin-button,::-webkit-outer-spin-button{
	height:auto;
}

[type=search]{
	-webkit-appearance:textfield;
	outline-offset:-2px;
}

::-webkit-search-decoration{
	-webkit-appearance:none;
}

::-webkit-file-upload-button{
	-webkit-appearance:button;
	font:inherit;
}

summary{
	display:list-item;
}

html{background-color:#fff;min-height:100%; box-sizing:border-box; overflow-y:scroll; line-height:20px; color:#293239;
  font-feature-settings:"kern", "kern";
  font-kerning:normal;
  font-family:system-ui,-apple-system,BlinkMacSystemFont,Segoe UI,Roboto,Oxygen-Sans,Ubuntu,Cantarell,Helvetica Neue,Arial,sans-serif;
  font-size:14px;}

*{ font-weight:inherit; }

*,:after,:before{ box-sizing:inherit; }

a{color:#1f73b7;}

b{font-weight:600;}

button{cursor:pointer;padding:0;}

button,input,optgroup,select,textarea{line-height:inherit;font-family:inherit;}

code{font-size:.95em;}

code,kbd,pre,samp{font-family:SFMono-Regular,Consolas,Liberation Mono,Menlo,Courier,monospace;}

em{ font-style:inherit; }

fieldset,iframe{border-width:0;}

h1,h2,h3,h4,h5,h6{ font-size:inherit; }

blockquote,dd,dl,fieldset,figure,h1,h2,h3,h4,h5,h6,hr,ol,p,pre,ul{margin:0;padding:0;}

hr{
  border:none;
  border-top:1px solid;
  border-color:#d8dcde;
}

ins,u{text-decoration-line:none;}

ol,ul{list-style-type:none;}

img{max-width:100%;}

strong{ font-weight:inherit; }

svg{max-height:100%;}

[tabindex="-1"]:focus{ outline:none !important; }


:root{
--background-default:#fff;
--background-raised:#fff;
--background-recessed:#f8f9f9;
--background-subtle:#f8f9f9;
--background-emphasis:#5c6970;
--background-success:#eef8f4;
--background-warning:#fff3e4;
--background-danger:#fff2f3;
--background-primary-emphasis:#1f73b7;
--background-success-emphasis:#037f52;
--background-warning-emphasis:#ac5918;
--background-danger-emphasis:#cd3642;
--background-disabled:rgba(92,105,112,0.08);
--border-default:#d8dcde;
--border-emphasis:#848f99;
--border-subtle:#e8eaec;
--border-success:#cae3d9;
--border-warning:#fed6a9;
--border-danger:#f5d5d8;
--border-primary-emphasis:#1f73b7;
--border-success-emphasis:#037f52;
--border-warning-emphasis:#ac5918;
--border-danger-emphasis:#cd3642;
--border-disabled:#d8dcde;
--foreground-default:#293239;
--foreground-subtle:#5c6970;
--foreground-on-emphasis:#fff;
--foreground-primary:#1f73b7;
--foreground-success:#037f52;
--foreground-warning:#ac5918;
--foreground-danger:#cd3642;
--foreground-success-emphasis:#0b3b29;
--foreground-warning-emphasis:#4c2c17;
--foreground-danger-emphasis:#671219;
--foreground-disabled:#848f99;
--shadow-small:rgba(10,13,14,0.16);
--shadow-medium:rgba(10,13,14,0.16);
--shadow-large:rgba(10,13,14,0.16);
}

[data-scheme="dark"]{
--background-default:#151a1e;
--background-raised:#1c2227;
--background-recessed:#0a0d0e;
--background-subtle:#1c2227;
--background-emphasis:#848f99;
--background-success:#0c261c;
--background-warning:#2d1e15;
--background-danger:#3d1418;
--background-primary-emphasis:#2694d6;
--background-success-emphasis:#26a178;
--background-warning-emphasis:#d67305;
--background-danger-emphasis:#eb5c69;
--background-disabled:rgba(145,156,165,0.08);
--border-default:#39434b;
--border-emphasis:#848f99;
--border-subtle:#293239;
--border-success:#0b3b29;
--border-warning:#4c2c17;
--border-danger:#671219;
--border-primary-emphasis:#2694d6;
--border-success-emphasis:#26a178;
--border-warning-emphasis:#d67305;
--border-danger-emphasis:#eb5c69;
--border-disabled:#39434b;
--foreground-default:#d8dcde;
--foreground-subtle:#919ca5;
--foreground-on-emphasis:#151a1e;
--foreground-primary:#2694d6;
--foreground-success:#94c1b0;
--foreground-warning:#fca347;
--foreground-danger:#f2a1a8;
--foreground-success-emphasis:#cae3d9;
--foreground-warning-emphasis:#fed6a9;
--foreground-danger-emphasis:#f5d5d8;
--foreground-disabled:#5c6970;
--shadow-small:rgba(10,13,14,0.88);
--shadow-medium:rgba(10,13,14,0.64);
--shadow-large:rgba(10,13,14,0.8);
}"
`;

exports[`Garden TailwindCSS Plugin Theme applies themed values 1`] = `
"
        .custom-blue {
    --tw-text-opacity: 1;
    color: rgb(38 148 214 / var(--tw-text-opacity, 1))
}
      "
`;
